// Jest Snapshot v1, https://goo.gl/fbAQLP

exports[`should render ExpenseListItem correctly 1`] = `
<div>
  <Link
    to="/edit/2"
  >
    <h3>
      Rent
    </h3>
  </Link>
  <p>
    â‚¬1,095.00
    -
    28th December, 1969
  </p>
</div>
`;
